PS C:\Users\yamor\OneDrive\Documents\git_tutorial\.git> cd ..
PS C:\Users\yamor\OneDrive\Documents\git_tutorial> cd ..
PS C:\Users\yamor\OneDrive\Documents> cd git_challenge
PS C:\Users\yamor\OneDrive\Documents\git_challenge> git init
Initialized empty Git repository in C:/Users/yamor/OneDrive/Documents/git_challenge/.git/
PS C:\Users\yamor\OneDrive\Documents\git_challenge> git add hello_world.txt
PS C:\Users\yamor\OneDrive\Documents\git_challenge> git commit -m "hello_world.txt
を追加"
[main (root-commit) ce51687] hello_world.txtを追加
 1 file changed, 1 insertion(+)
 create mode 100644 hello_world.txt
PS C:\Users\yamor\OneDrive\Documents\git_challenge> git status 
On branch main
nothing to commit, working tree clean
PS C:\Users\yamor\OneDrive\Documents\git_challenge> git status
On branch main
Changes not staged for commit:
  (use "git add <file>..." to update what will be committed)
  (use "git restore <file>..." to discard changes in working directory)
        modified:   hello_world.txt

no changes added to commit (use "git add" and/or "git commit -a")
PS C:\Users\yamor\OneDrive\Documents\git_challenge> git add hello_world.txt
PS C:\Users\yamor\OneDrive\Documents\git_challenge> git commit -m "日本語訳を追記" 
[main 5087eeb] 日本語訳を追記
 1 file changed, 2 insertions(+), 1 deletion(-)
PS C:\Users\yamor\OneDrive\Documents\git_challenge> git status
On branch main
nothing to commit, working tree clean
PS C:\Users\yamor\OneDrive\Documents\git_challenge> git log --oneline
5087eeb (HEAD -> main) 日本語訳を追記
ce51687 hello_world.txtを追加
